// Jest Snapshot v1, https://goo.gl/fbAQLP

exports[`should render an expense list item 1`] = `
<div>
  <Link
    to="/edit/1"
  >
    Edit Expense
  </Link>
  <h3>
    Gum
  </h3>
  <p>
    $1.95
    -
    December 31st, 1969
  </p>
</div>
`;
